// Jest Snapshot v1, https://goo.gl/fbAQLP

exports[`Misc page 1`] = `
<div>
  <div
    className="MuiGrid-root MuiGrid-container css-15fev7r-MuiGrid-root"
  >
    <div
      className="MuiGrid-root MuiGrid-item MuiGrid-grid-xs-12 MuiGrid-grid-sm-3 css-enqytu-MuiGrid-root"
    >
      <h3
        className="page-title"
        data-name="title"
      >
        Misc
      </h3>
      <p
        className="page-subtitle mt-2 mb-0"
      />
    </div>
  </div>
  <span
    className="css-1w4x60d-MiscPage"
  >
    Loading Spinner
  </span>
  <div
    className="css-18vjixk"
  >
    <div
      className="css-11ue89k"
    >
      <div
        className="css-jn4y13"
      />
    </div>
  </div>
</div>
`;
