// Jest Snapshot v1, https://goo.gl/fbAQLP

exports[`Typograpy page 1`] = `
<div>
  <div
    className="text-center text-md-left mb-sm-0 col-sm-3 col-12"
  >
    <h3
      className="page-title"
      data-name="title"
    >
      Typography
    </h3>
    <p
      className="page-subtitle mt-2 mb-0"
    />
  </div>
</div>
`;
