// Jest Snapshot v1, https://goo.gl/fbAQLP

exports[`HubImagesListPreview 1`] = `
Array [
  <span
    className="css-1gt7phv"
  >
    Latest
  </span>,
  <div
    className="clickable mb-4 h-100 image-card card"
  >
    <div
      className="pb-0 mb-0 pt-3 card-body"
    >
      <div
        className="row"
      >
        <div
          className="px-0 col-12"
        >
          <div
            className="app-title mb-2"
          >
            Dummy MWU Encoder
          </div>
          <div
            className="app-category mb-2"
          >
            Search
            encode
          </div>
          <div
            className="app-subtitle mb-2"
          >
            dev-team@jina.ai
          </div>
        </div>
        <div
          className="px-0 pb-0 col-sm-12"
        >
          <div
            className="description-container"
          >
            <div
              className="description-overlay"
            />
            <div
              className="app-description"
            >
              a minimum working unit of a containerized encoder
            </div>
          </div>
        </div>
      </div>
    </div>
  </div>,
  <div
    className="clickable mb-4 h-100 image-card card"
  >
    <div
      className="pb-0 mb-0 pt-3 card-body"
    >
      <div
        className="row"
      >
        <div
          className="px-0 col-12"
        >
          <div
            className="app-title mb-2"
          >
            Dummy MWU Encoder
          </div>
          <div
            className="app-category mb-2"
          >
            Search
            encode
          </div>
          <div
            className="app-subtitle mb-2"
          >
            dev-team@jina.ai
          </div>
        </div>
        <div
          className="px-0 pb-0 col-sm-12"
        >
          <div
            className="description-container"
          >
            <div
              className="description-overlay"
            />
            <div
              className="app-description"
            >
              a minimum working unit of a containerized encoder
            </div>
          </div>
        </div>
      </div>
    </div>
  </div>,
]
`;
