// Jest Snapshot v1, https://goo.gl/fbAQLP

exports[`actions on hub homepage 1`] = `
<div
  className="MuiPaper-root MuiPaper-elevation MuiPaper-rounded MuiPaper-elevation1 MuiCard-root css-1yt7zhx-MuiPaper-root-MuiCard-root"
>
  <div
    className="css-jvj7uf"
  >
    <h6
      className="css-850ctl"
      data-name="title"
    >
      Jina Hub
    </h6>
    <div
      className="css-g66o97"
    >
      Discover images created by the community in a centralized registry or create your own images
    </div>
    <div
      className="css-zpu9mn"
    >
      <button
        className="MuiButton-root MuiButton-contained MuiButton-containedPrimary MuiButton-sizeMedium MuiButton-containedSizeMedium MuiButton-disableElevation MuiButtonBase-root css-cg0zw5-MuiButtonBase-root-MuiButton-root"
        data-name="primaryActionButton"
        disabled={false}
        onBlur={[Function]}
        onClick={[Function]}
        onContextMenu={[Function]}
        onDragLeave={[Function]}
        onFocus={[Function]}
        onKeyDown={[Function]}
        onKeyUp={[Function]}
        onMouseDown={[Function]}
        onMouseLeave={[Function]}
        onMouseUp={[Function]}
        onTouchEnd={[Function]}
        onTouchMove={[Function]}
        onTouchStart={[Function]}
        tabIndex={0}
        type="button"
      >
        <span
          className="MuiButton-label css-8xplcm-MuiButton-label"
        >
          Browse
        </span>
      </button>
      <button
        className="MuiButton-root MuiButton-outlined MuiButton-outlinedPrimary MuiButton-sizeMedium MuiButton-outlinedSizeMedium MuiButtonBase-root css-1mrpdf0-MuiButtonBase-root-MuiButton-root"
        data-name="secondaryActionButton"
        disabled={false}
        onBlur={[Function]}
        onClick={[Function]}
        onContextMenu={[Function]}
        onDragLeave={[Function]}
        onFocus={[Function]}
        onKeyDown={[Function]}
        onKeyUp={[Function]}
        onMouseDown={[Function]}
        onMouseLeave={[Function]}
        onMouseUp={[Function]}
        onTouchEnd={[Function]}
        onTouchMove={[Function]}
        onTouchStart={[Function]}
        tabIndex={0}
        type="button"
      >
        <span
          className="MuiButton-label css-8xplcm-MuiButton-label"
        >
          Create
        </span>
      </button>
    </div>
  </div>
  <img
    alt="Hub Icon"
    className="css-m834an"
    src="hub-icon.svg"
  />
</div>
`;
