// Jest Snapshot v1, https://goo.gl/fbAQLP

exports[`actions on hub homepage 1`] = `
Array [
  <div
    className="css-1lmpp88"
  >
    <span
      className="css-kysenj"
      data-name="hubOverviewActionTitle"
    >
      Explore
    </span>
    <p>
      Find out what you can do in Jina hub and how you platform works.
    </p>
    <button
      className="MuiButton-root MuiButton-text MuiButton-textPrimary MuiButton-sizeMedium MuiButton-textSizeMedium MuiButtonBase-root css-mh8nxs-MuiButtonBase-root-MuiButton-root"
      data-name="hubOverviewActionButtonLabel"
      disabled={false}
      onBlur={[Function]}
      onClick={[Function]}
      onContextMenu={[Function]}
      onDragLeave={[Function]}
      onFocus={[Function]}
      onKeyDown={[Function]}
      onKeyUp={[Function]}
      onMouseDown={[Function]}
      onMouseLeave={[Function]}
      onMouseUp={[Function]}
      onTouchEnd={[Function]}
      onTouchMove={[Function]}
      onTouchStart={[Function]}
      tabIndex={0}
      type="button"
    >
      <span
        className="MuiButton-label css-8xplcm-MuiButton-label"
      >
        Read more
      </span>
    </button>
  </div>,
  <div
    className="css-1lmpp88"
  >
    <span
      className="css-kysenj"
      data-name="hubOverviewActionTitle"
    >
      Create
    </span>
    <p>
      Create flow
    </p>
    <button
      className="MuiButton-root MuiButton-text MuiButton-textPrimary MuiButton-sizeMedium MuiButton-textSizeMedium MuiButtonBase-root css-mh8nxs-MuiButtonBase-root-MuiButton-root"
      data-name="hubOverviewActionButtonLabel"
      disabled={false}
      onBlur={[Function]}
      onClick={[Function]}
      onContextMenu={[Function]}
      onDragLeave={[Function]}
      onFocus={[Function]}
      onKeyDown={[Function]}
      onKeyUp={[Function]}
      onMouseDown={[Function]}
      onMouseLeave={[Function]}
      onMouseUp={[Function]}
      onTouchEnd={[Function]}
      onTouchMove={[Function]}
      onTouchStart={[Function]}
      tabIndex={0}
      type="button"
    >
      <span
        className="MuiButton-label css-8xplcm-MuiButton-label"
      >
        Let's Go
      </span>
    </button>
  </div>,
]
`;
