// Jest Snapshot v1, https://goo.gl/fbAQLP

exports[`ImageDetails 1`] = `
Array [
  <div
    className="MuiPaper-root MuiPaper-elevation MuiPaper-rounded MuiPaper-elevation1 MuiCard-root css-vvo1ez-MuiPaper-root-MuiCard-root"
  >
    <div
      className="MuiCardContent-root css-46bh2p-MuiCardContent-root"
    >
      <div
        className="css-1iyoj2o"
      >
        <div
          className="css-yyyfwv"
        >
          Docker Command
        </div>
        <div>
          <div
            className="css-8cakqg"
            onClick={[Function]}
          >
            <div
              className="css-mudjgk"
            >
              whatever
            </div>
            <svg
              aria-hidden={true}
              className="MuiSvgIcon-root MuiSvgIcon-fontSizeSmall css-ptiqhd-MuiSvgIcon-root"
              data-testid="FileCopyOutlinedIcon"
              focusable="false"
              viewBox="0 0 24 24"
            >
              <path
                d="M16 1H4c-1.1 0-2 .9-2 2v14h2V3h12V1zm-1 4H8c-1.1 0-1.99.9-1.99 2L6 21c0 1.1.89 2 1.99 2H19c1.1 0 2-.9 2-2V11l-6-6zM8 21V7h6v5h5v9H8z"
              />
            </svg>
          </div>
        </div>
        <div
          className="css-yyyfwv"
        >
          Python Usage
        </div>
        <div>
          <div
            className="css-8cakqg"
            onClick={[Function]}
          >
            <div
              className="css-mudjgk"
            >
              
!Flow
pods:
  my_pod1:
    image: "undefined:undefined"

            </div>
            <svg
              aria-hidden={true}
              className="MuiSvgIcon-root MuiSvgIcon-fontSizeSmall css-ptiqhd-MuiSvgIcon-root"
              data-testid="FileCopyOutlinedIcon"
              focusable="false"
              viewBox="0 0 24 24"
            >
              <path
                d="M16 1H4c-1.1 0-2 .9-2 2v14h2V3h12V1zm-1 4H8c-1.1 0-1.99.9-1.99 2L6 21c0 1.1.89 2 1.99 2H19c1.1 0 2-.9 2-2V11l-6-6zM8 21V7h6v5h5v9H8z"
              />
            </svg>
          </div>
        </div>
        <div
          className="css-yyyfwv"
        >
          In a Flow
        </div>
        <div>
          <div
            className="css-8cakqg"
            onClick={[Function]}
          >
            <div
              className="css-mudjgk"
            >
              
from jina.flow import Flow
f = Flow().add(uses='undefined:undefined')

            </div>
            <svg
              aria-hidden={true}
              className="MuiSvgIcon-root MuiSvgIcon-fontSizeSmall css-ptiqhd-MuiSvgIcon-root"
              data-testid="FileCopyOutlinedIcon"
              focusable="false"
              viewBox="0 0 24 24"
            >
              <path
                d="M16 1H4c-1.1 0-2 .9-2 2v14h2V3h12V1zm-1 4H8c-1.1 0-1.99.9-1.99 2L6 21c0 1.1.89 2 1.99 2H19c1.1 0 2-.9 2-2V11l-6-6zM8 21V7h6v5h5v9H8z"
              />
            </svg>
          </div>
        </div>
      </div>
    </div>
  </div>,
  <div
    className="MuiPaper-root MuiPaper-elevation MuiPaper-rounded MuiPaper-elevation1 MuiCard-root css-vvo1ez-MuiPaper-root-MuiCard-root"
  >
    <div
      className="MuiCardContent-root css-46bh2p-MuiCardContent-root"
    >
      <div
        className="css-1iyoj2o"
      >
        <div
          className="css-yyyfwv"
        >
          Tags
        </div>
        <div>
          <div
            className="css-13180s2"
            data-name="hubImageTags"
          >
            encoder
          </div>
        </div>
      </div>
      <div
        className="css-1iyoj2o"
      >
        <div
          className="css-yyyfwv"
        >
          Platform
        </div>
        <div>
          <div
            className="css-5vvtwl"
            data-name="hubImageTags"
          >
            Enel
          </div>
        </div>
        <div
          className="css-1iyoj2o"
        >
          <div
            className="css-yyyfwv"
          >
            Owner
          </div>
          <div>
            Oda
          </div>
        </div>
      </div>
    </div>
  </div>,
]
`;
